// Vitest Snapshot v1, https://vitest.dev/guide/snapshot.html

exports[`indexedDB测试 > 添加小说 1`] = `[Function]`;
